ORIGIN  
IRAF-TLM
OBJECT  
DATE_FH 
NCHOPS  
NSAVSETS
NNODS   
NNODSETS
FSTATION
INSTRUME
ARRAY   
PLATESCA
DATE    
DATE-OBS
MJD-OBS 
JD      
ST1     
ST2     
UT1     
UT2     
UTSTART 
UTEND   
CAMMODE 
DATAMODE
FILENAME
LCU_NAME
FILEDIR 
DHSLABEL
COMPSTAT
MCE_SIM 
USERNOTE
BIASPOWR
VGATE   
WELLDPTH
BIASLEVL
BIASVDAC
BUNIT   
GAIN    
READNOIS
NODPATRN
NODDELAV
AMSTART 
AMEND   
AIRMASS 
ALARM_1 
ALARM_2 
ALARM_3 
WARNING1
WARNING2
CYCLETYP
OBSMODE 
READMODE
META_AM 
META_AT 
EFF_CHP 
CHOPFREQ
CHPFREQ 
CHPDELAY
DTEMPCON
DTEMPSET
DARKTIME
ELAPSED 
TOTALTIM
EXPTIME 
EXPOSED 
EFF_FRM 
FRMTIME 
META_FT 
EFF_NOD 
NODTIME 
NODDELAY
OBJTIME 
SOURCTIM
SAVEFREQ
SAVETIME
EFF_SRC 
META_TE 
META_WV 
POSTCHPT
PRECHPT 
MCE_BIAS
CHPBEAMS
CHPCOADD
CHPSETTL
FRMCOADD
FRMCOAD1
FRMCOAD2
NODBEAMS
NODSETS 
NODSETTL
NODSETTR
PIXCLOCK
POSTCHPS
PRECHPS 
SAVCOADD
SAVESETS
TOTFRMS 
MCE_WELL
WELLAVG 
WELLMAX 
WELLMIN 
SIGWELL 
SIGWMAX 
SIGWMIN 
CLAMPAVG
CLAMPMAX
CLAMPMIN
SIGCLAMP
SIGCLMAX
SIGCLMIN
OCLMPAVG
OCLMPMAX
OCLMPMIN
SIGOCLMP
SIGOCMAX
SIGOCMIN
WLMAXAVG
WLMINAVG
WLMAXMAX
WLMINMIN
SWMAXAVG
SWMINAVG
SWMAXMAX
SWMINMIN
CCMAXAVG
CCMINAVG
CCMAXMAX
CCMINMIN
SCMAXAVG
SCMINAVG
SCMAXMAX
SCMINMIN
OCMAXAVG
OCMINAVG
OCMAXMAX
OCMINMIN
SOMAXAVG
SOMINAVG
SOMAXMAX
SOMINMIN
APERTURE
FILTER1 
FILTER2 
GRATING 
HWP     
LYOT    
PRISM   
SECTOR  
SLIT    
WINDOW  
WPLATE  
MASK-ROT
CENTWAVE
INDEXR-A
INDEXR-B
INDEXR-C
INDEXR-D
INDEXR-E
INDEXR-F
INDEXR-G
INDEXR-H
INDEXR-I
INDEXR-J
INDEXR-K
INDEXR-L
PRESSURE
COLDFING
DETARRAY
COLDHED1
COLDHED2
COLDPLAC
COLDPLAT
DARKBOXW
GRATMOTO
LYOTMOTO
PASVSHLD
OBSERVAT
TELESCOP
LATITUDE
LONGITUD
HEIGHT  
SLATEL  
OBSCLASS
OBSTYPE 
PWVMON  
SEEING  
RA      
DEC     
POX     
POY     
FRAME   
DOME_AZ 
DOME_EL 
TELFOCUS
M2CEBAFL
M2INFLAP
M2EXFLAP
RADESYS 
EQUINOX 
INSTRAA 
INSTRPA 
CHPPA   
CHPTHROW
CHPPRFD1
CHPPRFA1
CHPPRFD2
CHPPRFA2
NODMODE 
NODPA   
NODTHROW
NODPRFD1
NODPRFA1
NODPRFD2
NODPRFA2
NODTYPE 
GTCPRGID
PI      
GTCOBID 
OBSERVER
CAT-NAME
CAT-RA  
CAT-DEC 
CAT-EQUI
CAT-EPOC
PM-RA   
PM-DEC  
PARALLAX
RADVEL  
AZIMUTH1
AZIMUTH2
ZD1     
ZD2     
ROTATOR1
ROTATOR2
PARANG1 
PARANG2 
AM1     
AM2     
T_TUBE1 
T_TUBE2 
T_PRIM1 
T_PRIM2 
HUMIN1  
HUMIN2  
HUMOUT1 
HUMOUT2 
FILSTAT 
ARCHID  
GRATWAVE
GRATDISP
DISPAXIS
GEM-TLM 
TPREPARE
FILECHK 
PREPARE 
NEXTEND 
WMEF    
MISTACK 
MICLEAN 
TRCTRA  
TRCTRB  
TRFWHMA 
TRFWHMB 
TRFWHMC
